Circuit: * \\wsl.localhost\Ubuntu\home\zozimo\esp\ESP8266_RTOS_SDK\workspace\systemMonitorLab\hardware\NodoAmbienteSMN\recursos\simulaciones\control_LED_3_3_to_5.asc

Warning: Multiple definitions of model "2scr375p" Type: BJT
Warning: Multiple definitions of model "bc857b" Type: BJT
Warning: Multiple definitions of model "bc847c" Type: BJT
Warning: Multiple definitions of model "bc847b" Type: BJT
Limiting rise time of source v2 to 2.5e-05
Limiting fall time of source v2 to 2.5e-05
Direct Newton iteration for .op point succeeded.

Date: Tue Feb 25 13:30:02 2025
Total elapsed time: 0.144 seconds.

tnom = 27
temp = 27
method = modified trap
totiter = 1734
traniter = 1727
tranpoints = 634
accept = 551
rejected = 83
matrix size = 7
fillins = 0
solver = Normal
Avg thread counts: 4.4/9.0/9.4/4.4
Matrix Compiler1: 294 bytes object code size  0.2/0.2/[0.2]
Matrix Compiler2: 487 bytes object code size  0.2/0.3/[0.1]

