Circuit: * \\wsl.localhost\Ubuntu\home\zozimo\esp\ESP8266_RTOS_SDK\workspace\systemMonitorLab\hardware\NodoAmbienteSMN\recursos\simulaciones\convertidor3_3_to_5.asc

Warning: Multiple definitions of model "2scr375p" Type: BJT
Warning: Multiple definitions of model "bc857b" Type: BJT
Warning: Multiple definitions of model "bc847c" Type: BJT
Warning: Multiple definitions of model "bc847b" Type: BJT
Limiting rise time of source v3 to 5e-05
Limiting fall time of source v3 to 5e-05
Direct Newton iteration for .op point succeeded.

Date: Mon Feb 24 16:29:16 2025
Total elapsed time: 0.238 seconds.

tnom = 27
temp = 27
method = modified trap
totiter = 7398
traniter = 7387
tranpoints = 2575
accept = 2047
rejected = 528
matrix size = 8
fillins = 0
solver = Normal
Avg thread counts: 1.8/3.2/3.1/1.8
Matrix Compiler1: 264 bytes object code size  0.3/0.3/[0.2]
Matrix Compiler2: 574 bytes object code size  0.2/0.4/[0.1]

