Circuit: * \\wsl.localhost\Ubuntu\home\zozimo\esp\ESP8266_RTOS_SDK\workspace\systemMonitorLab\hardware\NodoAmbienteSMN\recursos\simulaciones\Draft1.asc

Warning: Multiple definitions of model "2scr375p" Type: BJT
Warning: Multiple definitions of model "bc857b" Type: BJT
Warning: Multiple definitions of model "bc847c" Type: BJT
Warning: Multiple definitions of model "bc847b" Type: BJT
Limiting rise time of source v2 to 5e-05
Limiting fall time of source v2 to 5e-05
Direct Newton iteration for .op point succeeded.

Date: Mon Feb 24 16:16:20 2025
Total elapsed time: 0.201 seconds.

tnom = 27
temp = 27
method = modified trap
totiter = 1527
traniter = 1519
tranpoints = 588
accept = 511
rejected = 77
matrix size = 7
fillins = 0
solver = Normal
Avg thread counts: 4.9/9.5/9.7/4.9
Matrix Compiler1:      14 opcodes  0.3/[0.2]/0.3
Matrix Compiler2: 481 bytes object code size  0.2/0.3/[0.1]

